// Jest Snapshot v1, https://goo.gl/fbAQLP

exports[`WeatherComponent snapshot test 1`] = `
<View
  style={
    {
      "alignItems": "center",
      "flexDirection": "row",
    }
  }
>
  <Text
    style={
      {
        "marginLeft": 17,
      }
    }
  >
     
      
     
    Â°F
  </Text>
</View>
`;
